// Jest Snapshot v1, https://goo.gl/fbAQLP

exports[`Homepage component should render without errors 1`] = `
<div>
  <Connect(NavBar) />
  <div
    className="jumbotron"
  >
    <div
      className="banner"
    >
      <div
        className="w3-display-middle"
      >
        <h3
          className="text-center"
        >
          Facilities don
          '
          t need to go bad any longer,
           
          request a repair or maintenance schedule from us today.
        </h3>
        <br />
        <div
          className="row"
        >
          <div
            className="col-md-3"
          />
          <div
            className="col-md-6"
          >
            <Link
              replace={false}
              to="/signup"
            >
              <button
                className="btn btn-success btn-lg btn-block"
                type="button"
              >
                Get Started
              </button>
            </Link>
          </div>
          <div
            className="col-md-3"
          />
        </div>
      </div>
    </div>
  </div>
  <div
    className="container"
  >
    <br />
    <h3
      className="display-6 text-center"
    >
      About Maintenance Tracker
    </h3>
    <br />
    <div
      className="container"
    >
      <p
        className="text-center"
      >
        Maintenance Tracker is an platform designed, to provide users with the oppurtunity of
         
        reaching out to operations or repairs department regarding repair or maintenance
         
        requests. It also enables users to monitor the status of their requests.
      </p>
    </div>
  </div>
  <br />
  <br />
  <div
    className="container"
  >
    <h3
      className="display-6 text-center"
    >
      How it Works
    </h3>
    <br />
    <br />
    <div
      className="row w3-display-center"
    >
      <Icon
        icon="https://res.cloudinary.com/dvcaeuvee/image/upload/v1538265100/undraw_login_jdch.svg"
        title="Authenticate"
      />
      <Icon
        icon="https://res.cloudinary.com/dvcaeuvee/image/upload/v1538265099/undraw_add_file2_gvbb.svg"
        title="Log a request"
      />
      <Icon
        icon="https://res.cloudinary.com/dvcaeuvee/image/upload/v1538265100/undraw_hiring_cyhs.svg"
        title="Request gets approved"
      />
      <Icon
        icon="https://res.cloudinary.com/dvcaeuvee/image/upload/v1538265100/undraw_confirmation_2uy0.svg"
        title="Request gets resolved"
      />
    </div>
  </div>
  <Footer />
</div>
`;
