// Jest Snapshot v1, https://goo.gl/fbAQLP

exports[`Footer component should render without errors 1`] = `
<div
  className="col-md-3 text-center"
>
  <div
    className="icon-container"
  >
    <img
      alt="authenticate"
      className="about-img"
      src="icon icon-md"
    />
  </div>
  <h4>
    Repair
  </h4>
</div>
`;
