// Jest Snapshot v1, https://goo.gl/fbAQLP

exports[`Navbar component should render without errors 1`] = `
ShallowWrapper {
  Symbol(enzyme.__root__): [Circular],
  Symbol(enzyme.__unrendered__): <NavBar />,
  Symbol(enzyme.__renderer__): Object {
    "batchedUpdates": [Function],
    "getNode": [Function],
    "render": [Function],
    "simulateEvent": [Function],
    "unmount": [Function],
  },
  Symbol(enzyme.__node__): Object {
    "instance": null,
    "key": undefined,
    "nodeType": "host",
    "props": Object {
      "children": <ul
        className="ch-nav ch-card"
      >
        <li>
          <h2>
            <a
              href="/"
            >
              <i
                className="icon ion-md-construct"
              />
               
              Maintenance Tracker
            </a>
            <i
              className="icon ion-md-menu"
              id="menu"
              onClick={[Function]}
            />
          </h2>
        </li>
        <div
          className="ch-nav-right"
          id="nav"
          style={
            Object {
              "display": "",
            }
          }
        >
          <li>
            <a
              href="/"
            >
              Login
            </a>
          </li>
        </div>
      </ul>,
    },
    "ref": null,
    "rendered": Object {
      "instance": null,
      "key": undefined,
      "nodeType": "host",
      "props": Object {
        "children": Array [
          <li>
            <h2>
              <a
                href="/"
              >
                <i
                  className="icon ion-md-construct"
                />
                 
                Maintenance Tracker
              </a>
              <i
                className="icon ion-md-menu"
                id="menu"
                onClick={[Function]}
              />
            </h2>
          </li>,
          <div
            className="ch-nav-right"
            id="nav"
            style={
              Object {
                "display": "",
              }
            }
          >
            <li>
              <a
                href="/"
              >
                Login
              </a>
            </li>
          </div>,
        ],
        "className": "ch-nav ch-card",
      },
      "ref": null,
      "rendered": Array [
        Object {
          "instance": null,
          "key": undefined,
          "nodeType": "host",
          "props": Object {
            "children": <h2>
              <a
                href="/"
              >
                <i
                  className="icon ion-md-construct"
                />
                 
                Maintenance Tracker
              </a>
              <i
                className="icon ion-md-menu"
                id="menu"
                onClick={[Function]}
              />
            </h2>,
          },
          "ref": null,
          "rendered": Object {
            "instance": null,
            "key": undefined,
            "nodeType": "host",
            "props": Object {
              "children": Array [
                <a
                  href="/"
                >
                  <i
                    className="icon ion-md-construct"
                  />
                   
                  Maintenance Tracker
                </a>,
                <i
                  className="icon ion-md-menu"
                  id="menu"
                  onClick={[Function]}
                />,
              ],
            },
            "ref": null,
            "rendered": Array [
              Object {
                "instance": null,
                "key": undefined,
                "nodeType": "host",
                "props": Object {
                  "children": Array [
                    <i
                      className="icon ion-md-construct"
                    />,
                    " ",
                    "Maintenance Tracker",
                  ],
                  "href": "/",
                },
                "ref": null,
                "rendered": Array [
                  Object {
                    "instance": null,
                    "key": undefined,
                    "nodeType": "host",
                    "props": Object {
                      "className": "icon ion-md-construct",
                    },
                    "ref": null,
                    "rendered": null,
                    "type": "i",
                  },
                  " ",
                  "Maintenance Tracker",
                ],
                "type": "a",
              },
              Object {
                "instance": null,
                "key": undefined,
                "nodeType": "host",
                "props": Object {
                  "className": "icon ion-md-menu",
                  "id": "menu",
                  "onClick": [Function],
                },
                "ref": null,
                "rendered": null,
                "type": "i",
              },
            ],
            "type": "h2",
          },
          "type": "li",
        },
        Object {
          "instance": null,
          "key": undefined,
          "nodeType": "host",
          "props": Object {
            "children": <li>
              <a
                href="/"
              >
                Login
              </a>
            </li>,
            "className": "ch-nav-right",
            "id": "nav",
            "style": Object {
              "display": "",
            },
          },
          "ref": null,
          "rendered": Object {
            "instance": null,
            "key": undefined,
            "nodeType": "host",
            "props": Object {
              "children": <a
                href="/"
              >
                Login
              </a>,
            },
            "ref": null,
            "rendered": Object {
              "instance": null,
              "key": undefined,
              "nodeType": "host",
              "props": Object {
                "children": "Login",
                "href": "/",
              },
              "ref": null,
              "rendered": "Login",
              "type": "a",
            },
            "type": "li",
          },
          "type": "div",
        },
      ],
      "type": "ul",
    },
    "type": "nav",
  },
  Symbol(enzyme.__nodes__): Array [
    Object {
      "instance": null,
      "key": undefined,
      "nodeType": "host",
      "props": Object {
        "children": <ul
          className="ch-nav ch-card"
        >
          <li>
            <h2>
              <a
                href="/"
              >
                <i
                  className="icon ion-md-construct"
                />
                 
                Maintenance Tracker
              </a>
              <i
                className="icon ion-md-menu"
                id="menu"
                onClick={[Function]}
              />
            </h2>
          </li>
          <div
            className="ch-nav-right"
            id="nav"
            style={
              Object {
                "display": "",
              }
            }
          >
            <li>
              <a
                href="/"
              >
                Login
              </a>
            </li>
          </div>
        </ul>,
      },
      "ref": null,
      "rendered": Object {
        "instance": null,
        "key": undefined,
        "nodeType": "host",
        "props": Object {
          "children": Array [
            <li>
              <h2>
                <a
                  href="/"
                >
                  <i
                    className="icon ion-md-construct"
                  />
                   
                  Maintenance Tracker
                </a>
                <i
                  className="icon ion-md-menu"
                  id="menu"
                  onClick={[Function]}
                />
              </h2>
            </li>,
            <div
              className="ch-nav-right"
              id="nav"
              style={
                Object {
                  "display": "",
                }
              }
            >
              <li>
                <a
                  href="/"
                >
                  Login
                </a>
              </li>
            </div>,
          ],
          "className": "ch-nav ch-card",
        },
        "ref": null,
        "rendered": Array [
          Object {
            "instance": null,
            "key": undefined,
            "nodeType": "host",
            "props": Object {
              "children": <h2>
                <a
                  href="/"
                >
                  <i
                    className="icon ion-md-construct"
                  />
                   
                  Maintenance Tracker
                </a>
                <i
                  className="icon ion-md-menu"
                  id="menu"
                  onClick={[Function]}
                />
              </h2>,
            },
            "ref": null,
            "rendered": Object {
              "instance": null,
              "key": undefined,
              "nodeType": "host",
              "props": Object {
                "children": Array [
                  <a
                    href="/"
                  >
                    <i
                      className="icon ion-md-construct"
                    />
                     
                    Maintenance Tracker
                  </a>,
                  <i
                    className="icon ion-md-menu"
                    id="menu"
                    onClick={[Function]}
                  />,
                ],
              },
              "ref": null,
              "rendered": Array [
                Object {
                  "instance": null,
                  "key": undefined,
                  "nodeType": "host",
                  "props": Object {
                    "children": Array [
                      <i
                        className="icon ion-md-construct"
                      />,
                      " ",
                      "Maintenance Tracker",
                    ],
                    "href": "/",
                  },
                  "ref": null,
                  "rendered": Array [
                    Object {
                      "instance": null,
                      "key": undefined,
                      "nodeType": "host",
                      "props": Object {
                        "className": "icon ion-md-construct",
                      },
                      "ref": null,
                      "rendered": null,
                      "type": "i",
                    },
                    " ",
                    "Maintenance Tracker",
                  ],
                  "type": "a",
                },
                Object {
                  "instance": null,
                  "key": undefined,
                  "nodeType": "host",
                  "props": Object {
                    "className": "icon ion-md-menu",
                    "id": "menu",
                    "onClick": [Function],
                  },
                  "ref": null,
                  "rendered": null,
                  "type": "i",
                },
              ],
              "type": "h2",
            },
            "type": "li",
          },
          Object {
            "instance": null,
            "key": undefined,
            "nodeType": "host",
            "props": Object {
              "children": <li>
                <a
                  href="/"
                >
                  Login
                </a>
              </li>,
              "className": "ch-nav-right",
              "id": "nav",
              "style": Object {
                "display": "",
              },
            },
            "ref": null,
            "rendered": Object {
              "instance": null,
              "key": undefined,
              "nodeType": "host",
              "props": Object {
                "children": <a
                  href="/"
                >
                  Login
                </a>,
              },
              "ref": null,
              "rendered": Object {
                "instance": null,
                "key": undefined,
                "nodeType": "host",
                "props": Object {
                  "children": "Login",
                  "href": "/",
                },
                "ref": null,
                "rendered": "Login",
                "type": "a",
              },
              "type": "li",
            },
            "type": "div",
          },
        ],
        "type": "ul",
      },
      "type": "nav",
    },
  ],
  Symbol(enzyme.__options__): Object {
    "adapter": ReactSixteenAdapter {
      "options": Object {
        "enableComponentDidUpdateOnSetState": true,
        "lifecycles": Object {
          "componentDidUpdate": Object {
            "onSetState": true,
          },
          "getSnapshotBeforeUpdate": true,
        },
      },
    },
    "attachTo": undefined,
    "hydrateIn": undefined,
  },
}
`;
