// Jest Snapshot v1, https://goo.gl/fbAQLP

exports[`Navbar component should render without errors 1`] = `
<nav>
  <ul
    className="ch-nav ch-card"
  >
    <li>
      <h2>
        <Link
          replace={false}
          to="/"
        >
          <i
            className="icon ion-md-construct"
          />
           
          Maintenance Tracker
        </Link>
        <i
          className="icon ion-md-menu"
          id="menu"
          onClick={[Function]}
        />
      </h2>
    </li>
    <div
      className="ch-nav-right"
      id="nav"
      style={
        Object {
          "display": "",
        }
      }
    >
      <li>
        <Link
          replace={false}
          to="/"
        >
          Logout
        </Link>
      </li>
    </div>
  </ul>
</nav>
`;
