// Jest Snapshot v1, https://goo.gl/fbAQLP

exports[`Dashboard container should render without errors 1`] = `
<div>
  <div
    className="dashboard-body"
  >
    <Connect(NavBar) />
    <div
      className="container mt-5"
    >
      <div
        className="row"
      >
        <div
          className="col-md-3"
        >
          <SideNav
            handleNavigation={[Function]}
            requests={
              Array [
                Object {
                  "createdat": "2018-09-04T18:11:56.976Z",
                  "description": "Hey this is a new request updated",
                  "id": 67,
                  "status": "pending",
                  "title": "Bad Television",
                  "type": "maintenance",
                  "updatedat": "2018-09-04T18:12:12.109Z",
                  "user_id": 3,
                },
                Object {
                  "createdat": "2018-09-04T18:11:56.976Z",
                  "description": "Hey this is a new request updated",
                  "id": 67,
                  "status": "approved",
                  "title": "Bad Television",
                  "type": "maintenance",
                  "updatedat": "2018-09-04T18:12:12.109Z",
                  "user_id": 3,
                },
                Object {
                  "createdat": "2018-09-04T18:11:56.976Z",
                  "description": "Hey this is a new request updated",
                  "id": 67,
                  "status": "disapproved",
                  "title": "Bad Television",
                  "type": "maintenance",
                  "updatedat": "2018-09-04T18:12:12.109Z",
                  "user_id": 3,
                },
                Object {
                  "createdat": "2018-09-04T18:11:56.976Z",
                  "description": "Hey this is a new request updated",
                  "id": 67,
                  "status": "resolved",
                  "title": "Bad Television",
                  "type": "maintenance",
                  "updatedat": "2018-09-04T18:12:12.109Z",
                  "user_id": 3,
                },
              ]
            }
          />
        </div>
        <div
          className="col-md-8"
        >
          <Link
            key="67"
            replace={false}
            to="/67"
          >
            <UserRequest
              createdat="2018-09-04T18:11:56.976Z"
              description="Hey this is a new request updated"
              id={67}
              key="67"
              status="pending"
              title="Bad Television"
              type="maintenance"
              updatedat="2018-09-04T18:12:12.109Z"
              user_id={3}
            />
          </Link>
          <Link
            key="67"
            replace={false}
            to="/67"
          >
            <UserRequest
              createdat="2018-09-04T18:11:56.976Z"
              description="Hey this is a new request updated"
              id={67}
              key="67"
              status="approved"
              title="Bad Television"
              type="maintenance"
              updatedat="2018-09-04T18:12:12.109Z"
              user_id={3}
            />
          </Link>
          <Link
            key="67"
            replace={false}
            to="/67"
          >
            <UserRequest
              createdat="2018-09-04T18:11:56.976Z"
              description="Hey this is a new request updated"
              id={67}
              key="67"
              status="disapproved"
              title="Bad Television"
              type="maintenance"
              updatedat="2018-09-04T18:12:12.109Z"
              user_id={3}
            />
          </Link>
          <Link
            key="67"
            replace={false}
            to="/67"
          >
            <UserRequest
              createdat="2018-09-04T18:11:56.976Z"
              description="Hey this is a new request updated"
              id={67}
              key="67"
              status="resolved"
              title="Bad Television"
              type="maintenance"
              updatedat="2018-09-04T18:12:12.109Z"
              user_id={3}
            />
          </Link>
        </div>
      </div>
      <div
        className="col-md-1"
      />
    </div>
  </div>
  <CreateRequestForm
    create={[MockFunction]}
    history={
      Object {
        "location": Object {
          "search": "?pending",
        },
        "push": [MockFunction],
      }
    }
  />
</div>
`;
