// Jest Snapshot v1, https://goo.gl/fbAQLP

exports[`LoginPage container should render without errors when props are falsy 1`] = `
<div>
  <Connect(NavBar) />
  <div
    className="ch-row"
  >
    <h2
      className="ch-about"
    >
      Login to access your Maintenance Tracker Account
    </h2>
  </div>
  <div
    className="ch-row"
  >
    <div
      className="ch-col-3"
    />
  </div>
  <div
    className="ch-row"
  >
    <div
      className="ch-col-3 ch-panel ch-signup"
    >
      <LoginForm
        history={Object {}}
        userLoginRequest={[MockFunction]}
      />
      <p
        className="ch-right"
      >
        Don't 
        have an account?
         
        <Link
          replace={false}
          to="/signup"
        >
          Signup...
        </Link>
      </p>
    </div>
  </div>
</div>
`;
