// Jest Snapshot v1, https://goo.gl/fbAQLP

exports[`LoginPage container should render without errors when props are falsy 1`] = `
<div>
  <Connect(NavBar) />
  <LoginForm
    bindValues={
      Object {
        "email": "",
        "password": "",
      }
    }
    handleChange={[Function]}
    handleSubmit={[Function]}
  />
</div>
`;
