// Jest Snapshot v1, https://goo.gl/fbAQLP

exports[`SignupPage container should render without errors when props are falsy 1`] = `
<div>
  <Connect(NavBar) />
  <SignupForm
    bindValues={
      Object {
        "confirmPassword": "",
        "email": "",
        "firstname": "",
        "lastname": "",
        "password": "",
      }
    }
    handleChange={[Function]}
    handleSubmit={[Function]}
  />
</div>
`;
