// Jest Snapshot v1, https://goo.gl/fbAQLP

exports[`Side nav component should render without errors when requests are present 1`] = `
<ul
  className="list-group mb-3"
>
  <li
    className="list-group-item d-flex justify-content-between align-items-center"
    data-target="#createRequest"
    data-toggle="modal"
  >
    Create Request
  </li>
  <li
    className="list-group-item d-flex justify-content-between align-items-center"
    name="all"
    onClick={[Function]}
  >
    All Requests
    <span
      className="badge badge-primary badge-pill"
    >
      4
    </span>
  </li>
  <li
    className="list-group-item d-flex justify-content-between align-items-center"
    name="pending"
    onClick={[Function]}
  >
    Pending Requests
    <span
      className="badge badge-primary badge-pill"
    >
      1
    </span>
  </li>
  <li
    className="list-group-item d-flex justify-content-between align-items-center"
    name="approved"
    onClick={[Function]}
  >
    Approved Requests
    <span
      className="badge badge-primary badge-pill"
    >
      1
    </span>
  </li>
  <li
    className="list-group-item d-flex justify-content-between align-items-center"
    name="resolved"
    onClick={[Function]}
  >
    Resolved Requests
    <span
      className="badge badge-primary badge-pill"
    >
      1
    </span>
  </li>
  <li
    className="list-group-item d-flex justify-content-between align-items-center"
    name="disapproved"
    onClick={[Function]}
  >
    Dis-approved Requests
    <span
      className="badge badge-primary badge-pill"
    >
      1
    </span>
  </li>
</ul>
`;
