// Jest Snapshot v1, https://goo.gl/fbAQLP

exports[`Navbar component should render without errors and submit the form 1`] = `
<div
  className="row mb-4 auth-form"
>
  <div
    className="col-md-4"
  />
  <div
    className="col-md-4"
  >
    <div
      className="card text-center"
    >
      <h3
        className="text-center mt-5"
      >
        Sign up to use Maintenance Tracker
      </h3>
      <i
        className="icon ion-md-construct text-center ion-icon"
      />
      <div
        className="card-body mb-4 p-4"
      >
        <form
          onSubmit={[MockFunction]}
        >
          <div
            className="input-group mb-4"
          >
            <input
              className="form-control text"
              name="firstname"
              onChange={[MockFunction]}
              placeholder="First name"
              type="text"
              value=""
            />
          </div>
          <div
            className="input-group mb-4"
          >
            <input
              className="form-control text"
              name="lastname"
              onChange={[MockFunction]}
              placeholder="Last name"
              type="text"
              value=""
            />
          </div>
          <div
            className="input-group mb-4"
          >
            <input
              className="form-control text"
              name="email"
              onChange={[MockFunction]}
              placeholder="Email"
              type="email"
              value=""
            />
          </div>
          <div
            className="input-group mb-4"
          >
            <input
              className="form-control text"
              name="password"
              onChange={[MockFunction]}
              placeholder="Password"
              type="password"
              value=""
            />
          </div>
          <div
            className="input-group mb-4"
          >
            <input
              className="form-control text"
              name="confirmPassword"
              onChange={[MockFunction]}
              placeholder="Confirm password"
              type="password"
              value=""
            />
          </div>
          <button
            className="btn btn-success btn-md btn-block mb-3"
            type="submit"
          >
            Signup
          </button>
          <span>
            Have an account?
             
            <Link
              replace={false}
              to="/login"
            >
              Login
            </Link>
          </span>
        </form>
      </div>
    </div>
  </div>
  <div
    className="col-md-4"
  />
</div>
`;
